    [15:48:05.53] 主脚本启动 
15:48:08.59 --------------- 自由回读开始 ------------ 
15:48:08.64 readback.bat 
15:48:08.64 wait_fastboot_device.bat 
"已进入adb模式"
    [15:49:45.21] 主脚本启动 
15:49:47.82 --------------- 自由回读开始 ------------ 
15:49:47.87 readback.bat 
15:49:47.88 wait_fastboot_device.bat 
"已进入adb模式"
    [16:00:26.54] 主脚本启动 
    [16:11:06.92] 主脚本启动 
16:11:09.74 --------------- 自由回读开始 ------------ 
16:11:09.78 readback.bat 
16:11:09.78 wait_fastboot_device.bat 
"已进入adb模式"
16:11:09.94  2. 获取设备真实分区列表（用于匹配） 
    [16:11:59.56] 主脚本启动 
16:12:01.06 --------------- 自由回读开始 ------------ 
16:12:01.11 readback.bat 
16:12:01.11 wait_fastboot_device.bat 
"已进入adb模式"
16:12:01.28  2. 获取设备真实分区列表（用于匹配） 
    [16:12:38.84] 主脚本启动 
16:12:40.28 --------------- 自由回读开始 ------------ 
16:12:40.32 readback.bat 
16:12:40.32 wait_fastboot_device.bat 
"已进入adb模式"
16:12:40.51  2. 获取设备真实分区列表（用于匹配） 
    [16:14:43.49] 主脚本启动 
16:14:45.00 --------------- 自由回读开始 ------------ 
16:14:45.05 readback.bat 
16:14:45.05 wait_fastboot_device.bat 
"已进入adb模式"
16:14:45.25  2. 获取设备真实分区列表（用于匹配） 
    [16:17:23.79] 主脚本启动 
16:17:25.21 --------------- 自由回读开始 ------------ 
16:17:25.26 readback.bat 
16:17:25.26 wait_fastboot_device.bat 
"已进入adb模式"
16:17:25.44  2. 获取设备真实分区列表（用于匹配） 
    [16:17:40.10] 主脚本启动 
16:17:41.83 --------------- 自由回读开始 ------------ 
16:17:41.88 readback.bat 
16:17:41.90 wait_fastboot_device.bat 
"已进入adb模式"
16:17:42.05  2. 获取设备真实分区列表（用于匹配） 
    [16:18:47.89] 主脚本启动 
16:18:50.12 --------------- 自由回读开始 ------------ 
16:18:50.17 readback.bat 
16:18:50.17 wait_fastboot_device.bat 
"已进入adb模式"
16:18:50.36  2. 获取设备真实分区列表（用于匹配） 
16:18:50.58 3.  读配置 匹配设备 直接写入  
16:18:50.58 拿着配置里的 boot，去设备列表里找 boot、boot_a、boot_b 
16:18:50.59 拿着配置里的 boot，去设备列表里找 boot、boot_a、boot_b 
16:18:50.61 拿着配置里的 boot，去设备列表里找 boot、boot_a、boot_b 
16:18:50.61 拿着配置里的 boot，去设备列表里找 boot、boot_a、boot_b 
16:18:50.62 拿着配置里的 boot，去设备列表里找 boot、boot_a、boot_b 
16:18:50.64 拿着配置里的 boot，去设备列表里找 boot、boot_a、boot_b 
16:18:50.66 拿着配置里的 boot，去设备列表里找 boot、boot_a、boot_b 
16:18:50.67 拿着配置里的 boot，去设备列表里找 boot、boot_a、boot_b 
16:18:50.69 拿着配置里的 boot，去设备列表里找 boot、boot_a、boot_b 
16:18:50.69 拿着配置里的 boot，去设备列表里找 boot、boot_a、boot_b 
16:18:50.70 拿着配置里的 boot，去设备列表里找 boot、boot_a、boot_b 
16:18:50.72 拿着配置里的 boot，去设备列表里找 boot、boot_a、boot_b 
16:18:50.73 拿着配置里的 boot，去设备列表里找 boot、boot_a、boot_b 
16:18:50.75 拿着配置里的 boot，去设备列表里找 boot、boot_a、boot_b 
16:18:50.75 拿着配置里的 boot，去设备列表里找 boot、boot_a、boot_b 
16:18:50.77 拿着配置里的 boot，去设备列表里找 boot、boot_a、boot_b 
16:18:50.78 拿着配置里的 boot，去设备列表里找 boot、boot_a、boot_b 
16:18:50.80 拿着配置里的 boot，去设备列表里找 boot、boot_a、boot_b 
16:18:50.80 拿着配置里的 boot，去设备列表里找 boot、boot_a、boot_b 
    [16:25:57.85] 主脚本启动 
16:25:59.56 --------------- 自由回读开始 ------------ 
16:25:59.63 readback.bat 
16:25:59.63 wait_fastboot_device.bat 
"已进入adb模式"
16:25:59.82  2. 获取设备真实分区列表（用于匹配） 
16:26:00.10 3.  读配置 匹配设备 直接写入  
16:26:00.10 拿着配置里的 boot，去设备列表里找 boot、boot_a、boot_b 
16:26:00.11 拿着配置里的 boot，去设备列表里找 boot、boot_a、boot_b 
16:26:00.14 拿着配置里的 boot，去设备列表里找 boot、boot_a、boot_b 
16:26:00.16 拿着配置里的 boot，去设备列表里找 boot、boot_a、boot_b 
16:26:00.17 拿着配置里的 boot，去设备列表里找 boot、boot_a、boot_b 
16:26:00.19 拿着配置里的 boot，去设备列表里找 boot、boot_a、boot_b 
16:26:00.21 拿着配置里的 boot，去设备列表里找 boot、boot_a、boot_b 
16:26:00.22 拿着配置里的 boot，去设备列表里找 boot、boot_a、boot_b 
16:26:00.24 拿着配置里的 boot，去设备列表里找 boot、boot_a、boot_b 
16:26:00.25 拿着配置里的 boot，去设备列表里找 boot、boot_a、boot_b 
16:26:00.27 拿着配置里的 boot，去设备列表里找 boot、boot_a、boot_b 
16:26:00.28 拿着配置里的 boot，去设备列表里找 boot、boot_a、boot_b 
16:26:00.30 拿着配置里的 boot，去设备列表里找 boot、boot_a、boot_b 
16:26:00.31 拿着配置里的 boot，去设备列表里找 boot、boot_a、boot_b 
16:26:00.33 拿着配置里的 boot，去设备列表里找 boot、boot_a、boot_b 
16:26:00.35 拿着配置里的 boot，去设备列表里找 boot、boot_a、boot_b 
16:26:00.36 拿着配置里的 boot，去设备列表里找 boot、boot_a、boot_b 
16:26:00.38 拿着配置里的 boot，去设备列表里找 boot、boot_a、boot_b 
16:26:00.39 拿着配置里的 boot，去设备列表里找 boot、boot_a、boot_b 
    [16:26:26.75] 主脚本启动 
16:26:28.27 --------------- 自由回读开始 ------------ 
16:26:28.31 readback.bat 
16:26:28.33 wait_fastboot_device.bat 
"已进入adb模式"
16:26:28.50  2. 获取设备真实分区列表（用于匹配） 
16:26:28.77  3. 核心：读配置、匹配设备、写入 menuFile 
16:26:48.95 统一分隔符 
16:26:48.97 获取真实大小 
16:26:49.50 获取真实大小 
    [16:27:07.15] 主脚本启动 
16:27:08.73 --------------- 自由回读开始 ------------ 
16:27:08.78 readback.bat 
16:27:08.78 wait_fastboot_device.bat 
"已进入adb模式"
16:27:08.98  2. 获取设备真实分区列表（用于匹配） 
16:27:09.23  3. 核心：读配置、匹配设备、写入 menuFile 
    [16:36:43.68] 主脚本启动 
16:36:45.73 --------------- 自由回读开始 ------------ 
16:36:45.78 readback.bat 
16:36:45.79 wait_fastboot_device.bat 
"已进入adb模式"
16:36:45.98 获取卡槽 
16:36:46.06 找到adb设备 
16:36:47.14  2. 获取设备真实分区列表（用于匹配） 
16:36:47.39 统计设备总分区数量 
16:36:47.40  3 核心：读配置 匹配设备 写入 menuFile 
16:36:47.73 动态计算专属选项的序号 
    [16:41:17.71] 主脚本启动 
16:41:19.74 --------------- 自由回读开始 ------------ 
16:41:19.79 readback.bat 
16:41:19.79 wait_fastboot_device.bat 
"已进入adb模式"
16:41:19.95 获取卡槽 
16:41:20.01 找到adb设备 
16:41:21.15  2. 获取设备真实分区列表（用于匹配） 
16:41:21.40 统计设备总分区数量 
16:41:21.40  3 核心：读配置 匹配设备 写入 menuFile 
16:41:21.68 动态计算专属选项的序号 
    [16:48:57.23] 主脚本启动 
16:48:58.95 --------------- 自由回读开始 ------------ 
16:48:58.99 readback.bat 
16:48:59.01 wait_fastboot_device.bat 
"已进入adb模式"
16:48:59.18 获取卡槽 
16:48:59.26 找到adb设备 
16:49:00.21  2. 获取设备真实分区列表（用于匹配） 
16:49:00.45 统计设备总分区数量 
16:49:00.46  3 核心：读配置 匹配设备 写入 menuFile 
16:49:00.76 动态计算专属选项的序号 
    [16:49:43.16] 主脚本启动 
    [16:50:44.66] 主脚本启动 
16:50:46.84 --------------- 自由回读开始 ------------ 
16:50:46.89 readback.bat 
16:50:46.89 wait_fastboot_device.bat 
"已进入adb模式"
16:50:47.09 获取卡槽 
16:50:47.17 找到adb设备 
16:50:48.13  2. 获取设备真实分区列表（用于匹配） 
16:50:48.34 统计设备总分区数量 
16:50:48.36  3 核心：读配置 匹配设备 写入 menuFile 
16:50:48.70 动态计算专属选项的序号 
    [16:51:15.36] 主脚本启动 
16:51:17.45 --------------- 自由回读开始 ------------ 
16:51:17.50 readback.bat 
16:51:17.51 wait_fastboot_device.bat 
"已进入adb模式"
16:51:17.67 获取卡槽 
16:51:17.76 找到adb设备 
16:51:18.17  2. 获取设备真实分区列表（用于匹配） 
16:51:18.41 统计设备总分区数量 
16:51:18.42  3 核心：读配置 匹配设备 写入 menuFile 
16:51:18.72 动态计算专属选项的序号 
    [16:53:54.98] 主脚本启动 
16:53:56.96 --------------- 自由回读开始 ------------ 
16:53:57.01 readback.bat 
16:53:57.03 wait_fastboot_device.bat 
"已进入adb模式"
16:53:57.20 获取卡槽 
16:53:57.26 找到adb设备 
16:53:58.20  2. 获取设备真实分区列表（用于匹配） 
16:53:58.42 统计设备总分区数量 
16:53:58.42  3 核心：读配置 匹配设备 写入 menuFile 
16:53:58.75 动态计算专属选项的序号 
    [16:56:53.28] 主脚本启动 
16:56:55.03 --------------- 自由回读开始 ------------ 
16:56:55.08 readback.bat 
16:56:55.08 wait_fastboot_device.bat 
"已进入adb模式"
16:56:55.28 获取卡槽 
16:56:55.34 找到adb设备 
16:56:56.20  2. 获取设备真实分区列表（用于匹配） 
16:56:56.41 统计设备总分区数量 
16:56:56.42  3 核心：读配置 匹配设备 写入 menuFile 
16:56:56.70 动态计算专属选项的序号 
16:57:11.53 统一分隔符 
16:57:11.54 如果选中了全读设备，则展开所有序号 
16:57:11.54 获取真实大小 
16:57:12.14 获取真实大小 
16:57:12.87 获取真实大小 
    [16:57:45.37] 主脚本启动 
16:57:47.37 --------------- 自由回读开始 ------------ 
16:57:47.43 readback.bat 
16:57:47.43 wait_fastboot_device.bat 
"已进入adb模式"
16:57:47.62 获取卡槽 
16:57:47.68 找到adb设备 
16:57:48.17  2. 获取设备真实分区列表（用于匹配） 
16:57:48.40 统计设备总分区数量 
16:57:48.42  3 核心：读配置 匹配设备 写入 menuFile 
16:57:48.70 动态计算专属选项的序号 
    [16:58:52.90] 主脚本启动 
16:58:54.94 --------------- 自由回读开始 ------------ 
16:58:54.99 readback.bat 
16:58:55.01 wait_fastboot_device.bat 
"已进入adb模式"
16:58:55.18 获取卡槽 
16:58:55.26 找到adb设备 
16:58:56.21  2. 获取设备真实分区列表（用于匹配） 
16:58:56.46 统计设备总分区数量 
16:58:56.48  3 核心：读配置 匹配设备 写入 menuFile 
16:58:56.76 动态计算专属选项的序号 
16:59:01.68 统一分隔符 
16:59:01.69 如果选中了全读设备，则展开所有序号 
16:59:01.69 获取真实大小 
16:59:02.37 获取真实大小 
    [16:59:33.79] 主脚本启动 
16:59:38.16 --------------- 自由回读开始 ------------ 
16:59:38.21 readback.bat 
16:59:38.21 wait_fastboot_device.bat 
"已进入adb模式"
16:59:38.39 获取卡槽 
16:59:38.47 找到adb设备 
16:59:39.13  2. 获取设备真实分区列表（用于匹配） 
16:59:39.36 统计设备总分区数量 
16:59:39.38  3 核心：读配置 匹配设备 写入 menuFile 
16:59:39.66 动态计算专属选项的序号 
16:59:43.16 统一分隔符 
16:59:43.16 如果选中了全读设备，则展开所有序号 
16:59:43.16 获取真实大小 
16:59:43.66 获取真实大小 
    [17:03:08.39] 主脚本启动 
17:03:10.41 --------------- 自由回读开始 ------------ 
17:03:10.45 readback.bat 
17:03:10.45 wait_fastboot_device.bat 
"已进入adb模式"
17:03:10.64 获取卡槽 
17:03:10.72 找到adb设备 
17:03:11.20  2. 获取设备真实分区列表（用于匹配） 
17:03:11.44 统计设备总分区数量 
17:03:11.45  3 核心：读配置 匹配设备 写入 menuFile 
17:03:11.74 动态计算专属选项的序号 
    [17:03:22.38] 主脚本启动 
17:03:24.09 --------------- 自由回读开始 ------------ 
17:03:24.14 readback.bat 
17:03:24.14 wait_fastboot_device.bat 
"已进入adb模式"
17:03:24.34 获取卡槽 
17:03:24.41 找到adb设备 
17:03:25.14  2. 获取设备真实分区列表（用于匹配） 
17:03:25.36 统计设备总分区数量 
17:03:25.37  3 核心：读配置 匹配设备 写入 menuFile 
17:03:25.69 动态计算专属选项的序号 
17:03:31.55 统一分隔符 
17:03:31.56 如果选中了全读设备，则展开所有序号 
17:03:31.56 获取真实大小 
17:03:32.14 获取真实大小 
    [17:04:44.76] 主脚本启动 
17:04:46.37 --------------- 自由回读开始 ------------ 
17:04:46.42 readback.bat 
17:04:46.43 wait_fastboot_device.bat 
"已进入adb模式"
17:04:46.59 获取卡槽 
17:04:46.65 找到adb设备 
17:04:47.15  2. 获取设备真实分区列表（用于匹配） 
17:04:47.38 统计设备总分区数量 
17:04:47.40  3 核心：读配置 匹配设备 写入 menuFile 
17:04:47.68 动态计算专属选项的序号 
17:04:51.04 统一分隔符 
17:04:51.04 如果选中了全读设备，则展开所有序号 
17:04:51.04 获取真实大小 
17:04:51.65 获取真实大小 
    17:05:13.74 ========== 线刷卡刷包物理分区启动 ========== 
17:05:13.79 flash_payload_partition.bat 
    17:05:13.79 获取img来源 
17:05:13.80 ========== 选择文件文件夹 ========== 
17:05:13.85 choose_source.bat 
17:05:13.85 拦截手速 
17:05:23.19 卡刷包列表: D:\GT7_Pro_Speed_Toolkit\temp\filelist_sorted.txt 
17:05:23.24 条目总数: 56 
 
====== 文件详情 ====== 
vbmeta_vendor.img  4096 字节  [D:\15.670ka\] 
vbmeta_system.img  4096 字节  [D:\15.670ka\] 
vbmeta.img  12288 字节  [D:\15.670ka\] 
cpucp_dtb.img  16384 字节  [D:\15.670ka\] 
pdp_cdb.img  16384 字节  [D:\15.670ka\] 
soccp_dcd.img  20480 字节  [D:\15.670ka\] 
aop_config.img  32768 字节  [D:\15.670ka\] 
devcfg.img  61440 字节  [D:\15.670ka\] 
qupfw.img  65536 字节  [D:\15.670ka\] 
spuservice.img  94208 字节  [D:\15.670ka\] 
featenabler.img  106496 字节  [D:\15.670ka\] 
imagefv.img  106496 字节  [D:\15.670ka\] 
soccp_debug.img  147456 字节  [D:\15.670ka\] 
shrm.img  151552 字节  [D:\15.670ka\] 
uefisecapp.img  200704 字节  [D:\15.670ka\] 
pdp.img  212992 字节  [D:\15.670ka\] 
abl.img  278528 字节  [D:\15.670ka\] 
cpucp.img  315392 字节  [D:\15.670ka\] 
my_company.img  335872 字节  [D:\15.670ka\] 
my_engineering.img  335872 字节  [D:\15.670ka\] 
my_heytap.img  335872 字节  [D:\15.670ka\] 
my_carrier.img  335872 字节  [D:\15.670ka\] 
my_bigball.img  335872 字节  [D:\15.670ka\] 
my_preload.img  348160 字节  [D:\15.670ka\] 
xbl_config.img  356352 字节  [D:\15.670ka\] 
aop.img  368640 字节  [D:\15.670ka\] 
keymaster.img  458752 字节  [D:\15.670ka\] 
oplusstanvbk.img  512000 字节  [D:\15.670ka\] 
my_manifest.img  544768 字节  [D:\15.670ka\] 
xbl_ramdump.img  851968 字节  [D:\15.670ka\] 
pvmfw.img  925696 字节  [D:\15.670ka\] 
oplus_sec.img  991232 字节  [D:\15.670ka\] 
engineering_cdt.img  1048576 字节  [D:\15.670ka\] 
splash.img  1159168 字节  [D:\15.670ka\] 
xbl.img  1175552 字节  [D:\15.670ka\] 
hyp.img  1675264 字节  [D:\15.670ka\] 
uefi.img  2797568 字节  [D:\15.670ka\] 
my_region.img  3223552 字节  [D:\15.670ka\] 
bluetooth.img  3796992 字节  [D:\15.670ka\] 
tz.img  4153344 字节  [D:\15.670ka\] 
product.img  8118272 字节  [D:\15.670ka\] 
init_boot.img  8388608 字节  [D:\15.670ka\] 
system_dlkm.img  12075008 字节  [D:\15.670ka\] 
dtbo.img  25165824 字节  [D:\15.670ka\] 
dsp.img  67108864 字节  [D:\15.670ka\] 
boot.img  100663296 字节  [D:\15.670ka\] 
vendor_boot.img  100663296 字节  [D:\15.670ka\] 
recovery.img  104857600 字节  [D:\15.670ka\] 
vendor_dlkm.img  109142016 字节  [D:\15.670ka\] 
modem.img  220114944 字节  [D:\15.670ka\] 
vendor.img  632246272 字节  [D:\15.670ka\] 
system.img  815501312 字节  [D:\15.670ka\] 
system_ext.img  1118523392 字节  [D:\15.670ka\] 
my_product.img  1447546880 字节  [D:\15.670ka\] 
odm.img  2575429632 字节  [D:\15.670ka\] 
my_stock.img  4021084160 字节  [D:\15.670ka\] 
    17:05:24.23 等待设备进fastboot 
17:05:24.26 wait_fastboot_device.bat 
"已进入fastboot模式"
    17:06:02.33 获取设备卡槽 
17:06:02.39 找到fastboot设备 
17:06:02.42 找到卡槽：temp_slot 
17:06:02.45 卡槽数量： 2 
    17:06:27.93 获取动态分区 
17:06:27.95 get_dynamic_partitions.bat 
17:06:29.99 从设备获取动态分区成功 
    17:06:30.00 刷写物理分区到 b 卡槽 
17:06:30.05 flash_images.bat 
17:06:30.08 D:\GT7_Pro_Speed_Toolkit\temp\dynamic_list.txt空白跳转start 
跳过的分区： 
my_bigball
my_carrier
my_company
my_engineering
my_heytap
my_manifest
my_preload
my_product
my_region
my_stock
odm
product
system
system_dlkm
system_ext
vendor
vendor_dlkm
过滤后的分区: 
vbmeta_vendor
vbmeta_system
vbmeta
cpucp_dtb
pdp_cdb
soccp_dcd
aop_config
devcfg
qupfw
spuservice
featenabler
imagefv
soccp_debug
shrm
uefisecapp
pdp
abl
cpucp
xbl_config
aop
keymaster
oplusstanvbk
xbl_ramdump
pvmfw
oplus_sec
engineering_cdt
splash
xbl
hyp
uefi
bluetooth
tz
init_boot
dtbo
dsp
boot
vendor_boot
recovery
modem
17:06:30.24 需要刷写 39 个分区到槽位 b 
17:06:31.14 echo. 
[1/39]: 刷写vbmeta_vendor分区 
17:06:31.16 执行刷写:  fastboot  flash vbmeta_vendor_b D:\15.670ka\vbmeta_vendor.img 
17:06:31.25 刷写 vbmeta_vendor_b 成功. 
17:06:31.25 echo. 
[2/39]: 刷写vbmeta_system分区 
17:06:31.25 执行刷写:  fastboot  flash vbmeta_system_b D:\15.670ka\vbmeta_system.img 
17:06:31.30 刷写 vbmeta_system_b 成功. 
17:06:31.30 echo. 
[3/39]: 刷写vbmeta分区 
17:06:31.30 执行刷写:  fastboot  flash vbmeta_b D:\15.670ka\vbmeta.img 
17:06:31.35 刷写 vbmeta_b 成功. 
17:06:31.35 echo. 
[4/39]: 刷写cpucp_dtb分区 
17:06:31.35 执行刷写:  fastboot  flash cpucp_dtb_b D:\15.670ka\cpucp_dtb.img 
17:06:31.39 刷写 cpucp_dtb_b 成功. 
17:06:31.39 echo. 
[5/39]: 刷写pdp_cdb分区 
17:06:31.41 执行刷写:  fastboot  flash pdp_cdb_b D:\15.670ka\pdp_cdb.img 
17:06:31.46 刷写 pdp_cdb_b 成功. 
17:06:31.46 echo. 
[6/39]: 刷写soccp_dcd分区 
17:06:31.46 执行刷写:  fastboot  flash soccp_dcd_b D:\15.670ka\soccp_dcd.img 
17:06:31.52 刷写 soccp_dcd_b 成功. 
17:06:31.52 echo. 
[7/39]: 刷写aop_config分区 
17:06:31.52 执行刷写:  fastboot  flash aop_config_b D:\15.670ka\aop_config.img 
17:06:31.56 刷写 aop_config_b 成功. 
17:06:31.56 echo. 
[8/39]: 刷写devcfg分区 
17:06:31.58 执行刷写:  fastboot  flash devcfg_b D:\15.670ka\devcfg.img 
17:06:31.63 刷写 devcfg_b 成功. 
17:06:31.63 echo. 
[9/39]: 刷写qupfw分区 
17:06:31.63 执行刷写:  fastboot  flash qupfw_b D:\15.670ka\qupfw.img 
17:06:31.67 刷写 qupfw_b 成功. 
17:06:31.69 echo. 
[10/39]: 刷写spuservice分区 
17:06:31.69 执行刷写:  fastboot  flash spuservice_b D:\15.670ka\spuservice.img 
17:06:31.74 刷写 spuservice_b 成功. 
17:06:31.74 echo. 
[11/39]: 刷写featenabler分区 
17:06:31.74 执行刷写:  fastboot  flash featenabler_b D:\15.670ka\featenabler.img 
17:06:31.80 刷写 featenabler_b 成功. 
17:06:31.80 echo. 
[12/39]: 刷写imagefv分区 
17:06:31.80 执行刷写:  fastboot  flash imagefv_b D:\15.670ka\imagefv.img 
17:06:31.86 刷写 imagefv_b 成功. 
17:06:31.86 echo. 
[13/39]: 刷写soccp_debug分区 
17:06:31.86 执行刷写:  fastboot  flash soccp_debug_b D:\15.670ka\soccp_debug.img 
17:06:31.91 刷写 soccp_debug_b 成功. 
17:06:31.92 echo. 
[14/39]: 刷写shrm分区 
17:06:31.92 执行刷写:  fastboot  flash shrm_b D:\15.670ka\shrm.img 
17:06:31.97 刷写 shrm_b 成功. 
17:06:31.99 echo. 
[15/39]: 刷写uefisecapp分区 
17:06:31.99 执行刷写:  fastboot  flash uefisecapp_b D:\15.670ka\uefisecapp.img 
17:06:32.03 刷写 uefisecapp_b 成功. 
17:06:32.05 echo. 
[16/39]: 刷写pdp分区 
17:06:32.05 执行刷写:  fastboot  flash pdp_b D:\15.670ka\pdp.img 
17:06:32.11 刷写 pdp_b 成功. 
17:06:32.11 echo. 
[17/39]: 刷写abl分区 
17:06:32.11 执行刷写:  fastboot  flash abl_b D:\15.670ka\abl.img 
17:06:32.17 刷写 abl_b 成功. 
17:06:32.17 echo. 
[18/39]: 刷写cpucp分区 
17:06:32.17 执行刷写:  fastboot  flash cpucp_b D:\15.670ka\cpucp.img 
17:06:32.24 刷写 cpucp_b 成功. 
17:06:32.24 echo. 
[19/39]: 刷写xbl_config分区 
17:06:32.24 执行刷写:  fastboot  flash xbl_config_b D:\15.670ka\xbl_config.img 
17:06:32.30 刷写 xbl_config_b 成功. 
17:06:32.30 echo. 
[20/39]: 刷写aop分区 
17:06:32.30 执行刷写:  fastboot  flash aop_b D:\15.670ka\aop.img 
17:06:32.36 刷写 aop_b 成功. 
17:06:32.36 echo. 
[21/39]: 刷写keymaster分区 
17:06:32.38 执行刷写:  fastboot  flash keymaster_b D:\15.670ka\keymaster.img 
17:06:32.44 刷写 keymaster_b 成功. 
17:06:32.44 echo. 
[22/39]: 刷写oplusstanvbk分区 
17:06:32.44 执行刷写:  fastboot  flash oplusstanvbk_b D:\15.670ka\oplusstanvbk.img 
17:06:32.50 刷写 oplusstanvbk_b 成功. 
17:06:32.50 echo. 
[23/39]: 刷写xbl_ramdump分区 
17:06:32.52 执行刷写:  fastboot  flash xbl_ramdump_b D:\15.670ka\xbl_ramdump.img 
17:06:32.58 刷写 xbl_ramdump_b 成功. 
17:06:32.60 echo. 
[24/39]: 刷写pvmfw分区 
17:06:32.60 执行刷写:  fastboot  flash pvmfw_b D:\15.670ka\pvmfw.img 
17:06:32.67 刷写 pvmfw_b 成功. 
17:06:32.67 echo. 
[25/39]: 刷写oplus_sec分区 
17:06:32.69 执行刷写:  fastboot  flash oplus_sec_b D:\15.670ka\oplus_sec.img 
17:06:32.75 刷写 oplus_sec_b 成功. 
17:06:32.77 echo. 
[26/39]: 刷写engineering_cdt分区 
17:06:32.77 执行刷写:  fastboot  flash engineering_cdt_b D:\15.670ka\engineering_cdt.img 
17:06:32.85 刷写 engineering_cdt_b 成功. 
17:06:32.85 echo. 
[27/39]: 刷写splash分区 
17:06:32.85 执行刷写:  fastboot  flash splash_b D:\15.670ka\splash.img 
17:06:32.92 刷写 splash_b 成功. 
17:06:32.92 echo. 
[28/39]: 刷写xbl分区 
17:06:32.94 执行刷写:  fastboot  flash xbl_b D:\15.670ka\xbl.img 
17:06:33.02 刷写 xbl_b 成功. 
17:06:33.02 echo. 
[29/39]: 刷写hyp分区 
17:06:33.03 执行刷写:  fastboot  flash hyp_b D:\15.670ka\hyp.img 
17:06:33.13 刷写 hyp_b 成功. 
17:06:33.13 echo. 
[30/39]: 刷写uefi分区 
17:06:33.13 执行刷写:  fastboot  flash uefi_b D:\15.670ka\uefi.img 
17:06:33.28 刷写 uefi_b 成功. 
17:06:33.30 echo. 
[31/39]: 刷写bluetooth分区 
17:06:33.30 执行刷写:  fastboot  flash bluetooth_b D:\15.670ka\bluetooth.img 
17:06:33.49 刷写 bluetooth_b 成功. 
17:06:33.52 echo. 
[32/39]: 刷写tz分区 
17:06:33.53 执行刷写:  fastboot  flash tz_b D:\15.670ka\tz.img 
17:06:33.75 刷写 tz_b 成功. 
17:06:33.77 echo. 
[33/39]: 刷写init_boot分区 
17:06:33.78 执行刷写:  fastboot  flash init_boot_b D:\15.670ka\init_boot.img 
17:06:34.06 刷写 init_boot_b 成功. 
17:06:34.10 echo. 
[34/39]: 刷写dtbo分区 
17:06:34.10 执行刷写:  fastboot  flash dtbo_b D:\15.670ka\dtbo.img 
17:06:34.81 刷写 dtbo_b 成功. 
17:06:34.83 echo. 
[35/39]: 刷写dsp分区 
17:06:34.85 执行刷写:  fastboot  flash dsp_b D:\15.670ka\dsp.img 
17:06:36.63 刷写 dsp_b 成功. 
17:06:36.64 echo. 
[36/39]: 刷写boot分区 
17:06:36.66 执行刷写:  fastboot  flash boot_b D:\15.670ka\boot.img 
17:06:39.03 刷写 boot_b 成功. 
17:06:39.06 echo. 
[37/39]: 刷写vendor_boot分区 
17:06:39.06 执行刷写:  fastboot  flash vendor_boot_b D:\15.670ka\vendor_boot.img 
17:06:41.41 刷写 vendor_boot_b 成功. 
17:06:41.42 echo. 
[38/39]: 刷写recovery分区 
17:06:41.42 执行刷写:  fastboot  flash recovery_b D:\15.670ka\recovery.img 
17:06:43.88 刷写 recovery_b 成功. 
17:06:43.89 echo. 
[39/39]: 刷写modem分区 
17:06:43.91 执行刷写:  fastboot  flash modem_b D:\15.670ka\modem.img 
17:06:49.53 刷写 modem_b 成功. 
总计处理: 39 个分区 
刷写成功: 39 个 
刷写失败: 0 个 
    17:07:09.25 手机已重启到卡槽:a,刷写流程结束 
    [17:10:45.20] 主脚本启动 
17:10:46.66 --------------- 自由回读开始 ------------ 
17:10:46.70 readback.bat 
17:10:46.72 wait_fastboot_device.bat 
"已进入adb模式"
17:10:46.92 获取卡槽 
17:10:46.98 找到adb设备 
17:10:48.17  2. 获取设备真实分区列表（用于匹配） 
17:10:48.37 统计设备总分区数量 
17:10:48.39  3 核心：读配置 匹配设备 写入 menuFile 
17:10:48.67 动态计算专属选项的序号 
17:10:54.23 统一分隔符 
17:10:54.23 用户选择：全读常用分区 
17:10:54.23 如果选中了全读设备，则展开所有序号 
17:10:54.25 获取真实大小 
17:10:54.87 获取真实大小 
17:10:55.65 获取真实大小 
17:10:58.92 获取真实大小 
17:11:02.11 获取真实大小 
17:11:02.65 获取真实大小 
17:11:03.98 获取真实大小 
17:11:05.25 获取真实大小 
17:11:05.87 获取真实大小 
17:11:16.11 获取真实大小 
17:11:26.37 获取真实大小 
    [17:12:18.51] 主脚本启动 
17:12:22.59 --------------- 自由回读开始 ------------ 
17:12:22.63 readback.bat 
17:12:22.65 wait_fastboot_device.bat 
"已进入adb模式"
17:12:22.79 获取卡槽 
17:12:22.82 找到adb设备 
17:12:23.23  2. 获取设备真实分区列表（用于匹配） 
17:12:23.48 统计设备总分区数量 
17:12:23.49  3 核心：读配置 匹配设备 写入 menuFile 
17:12:23.76 动态计算专属选项的序号 
17:12:30.35 统一分隔符 
17:12:30.35 用户选择：全读常用分区 
17:12:30.37 如果选中了全读设备，则展开所有序号 
17:12:30.37 获取真实大小 
17:12:32.38 获取真实大小 
17:12:33.23 获取真实大小 
17:12:36.57 获取真实大小 
17:12:39.77 获取真实大小 
17:12:40.34 获取真实大小 
17:12:41.48 获取真实大小 
17:12:42.68 获取真实大小 
17:12:43.19 获取真实大小 
17:12:53.07 获取真实大小 
17:13:03.02 获取真实大小 
17:13:05.35 获取真实大小 
17:13:08.63 获取真实大小 
17:13:11.83 获取真实大小 
17:13:12.57 获取真实大小 
17:13:13.21 获取真实大小 
17:13:13.96 获取真实大小 
17:13:14.65 获取真实大小 
17:13:15.52 获取真实大小 
17:13:16.43 获取真实大小 
17:13:16.91 获取真实大小 
17:13:17.36 获取真实大小 
17:13:17.86 获取真实大小 
17:13:18.29 获取真实大小 
17:13:18.86 获取真实大小 
    [17:15:04.65] 主脚本启动 
17:15:09.57 --------------- 自由回读开始 ------------ 
17:15:09.62 readback.bat 
17:15:09.62 wait_fastboot_device.bat 
"已进入adb模式"
17:15:09.81 获取卡槽 
17:15:09.89 找到adb设备 
17:15:11.15  2. 获取设备真实分区列表（用于匹配） 
17:15:11.39 统计设备总分区数量 
17:15:11.40  3 核心：读配置 匹配设备 写入 menuFile 
17:15:11.68 动态计算专属选项的序号 
    [17:17:50.51] 主脚本启动 
17:18:10.90 patch_payload.bat 
17:18:10.90 获取基础包img来源 
17:18:10.92 ========== 选择文件文件夹 ========== 
17:18:10.97 choose_source.bat 
17:18:10.97 拦截手速 
    [17:18:39.12] 主脚本启动 
17:18:42.74 --------------- 自由回读开始 ------------ 
17:18:42.79 readback.bat 
17:18:42.79 wait_fastboot_device.bat 
"已进入adb模式"
17:18:42.98 获取卡槽 
17:18:43.03 找到adb设备 
17:18:44.23  2. 获取设备真实分区列表（用于匹配） 
17:18:44.54 统计设备总分区数量 
17:18:44.56  3 核心：读配置 匹配设备 写入 menuFile 
17:18:44.82 动态计算专属选项的序号 
